# These packages are the Zope 2 components.
#
docutils       ../lib/python/docutils
pytz           ../lib/python/pytz
zodbcode       ../lib/python/zodbcode
zope           ../lib/python/zope

# Child packages of Zope are handled separately when constructing Zope
# distributions; this tells where to find all of them.
zope.*         ../lib/python/zope/

# These packages are copied from the ZConfig, zdaemon, and ZODB projects:
#
BTrees          ../lib/python/BTrees
persistent      ../lib/python/persistent
transaction     ../lib/python/transaction
ThreadedAsync   ../lib/python/ThreadedAsync
ZEO             ../lib/python/ZEO
ZODB            ../lib/python/ZODB

RestrictedPython  ../lib/python/RestrictedPython
ZConfig           ../lib/python/ZConfig
zdaemon           ../lib/python/zdaemon

AccessControl     ../lib/python/AccessControl
Acquisition       ../lib/python/Acquisition
App               ../lib/python/App
ComputedAttribute ../lib/python/ComputedAttribute
DateTime          ../lib/python/DateTime
DocumentTemplate  ../lib/python/DocumentTemplate
ExtensionClass    ../lib/python/ExtensionClass
Globals           ../lib/python/Globals.py
HelpSys           ../lib/python/HelpSys
ImageFile         ../lib/python/ImageFile.py
Interface         ../lib/python/Interface
Lifetime          ../lib/python/Lifetime.py
MethodObject      ../lib/python/MethodObject
Missing           ../lib/python/Missing
MultiMapping      ../lib/python/MultiMapping
OFS               ../lib/python/OFS
Persistence       ../lib/python/Persistence
Products          ../lib/python/Products
Record            ../lib/python/Record
Shared            ../lib/python/Shared
Signals           ../lib/python/Signals
StructuredText    ../lib/python/StructuredText
TAL               ../lib/python/TAL
Testing           ../lib/python/Testing
ThreadLock        ../lib/python/ThreadLock
TreeDisplay       ../lib/python/TreeDisplay
ZClasses          ../lib/python/ZClasses
ZPublisher        ../lib/python/ZPublisher
ZServer           ../lib/python/ZServer
ZTUtils           ../lib/python/ZTUtils
Zope              ../lib/python/Zope
Zope2             ../lib/python/Zope2.py
ZopeUndo          ../lib/python/ZopeUndo
initgroups        ../lib/python/initgroups
nt_svcutils       ../lib/python/nt_svcutils
reStructuredText  ../lib/python/reStructuredText
tempstorage       ../lib/python/tempstorage
webdav            ../lib/python/webdav
zExceptions       ../lib/python/zExceptions
zLOG              ../lib/python/zLOG

# These packages are the release collections based on the Zope 2
# project; they define what goes into the Zope 2 and related
# releases.
#
Zope2-src      ../releases/Zope2
